// Jest Snapshot v1, https://goo.gl/fbAQLP

exports[`Login component renders correctly renders as expected 1`] = `
ShallowWrapper {
  "length": 1,
  Symbol(enzyme.__root__): [Circular],
  Symbol(enzyme.__unrendered__): <Login
    fetchAllRecords={[Function]}
    fetchBlockData={[Function]}
    fetchMyRecords={[Function]}
    fetchUsers={[Function]}
    listenUserProfile={[Function]}
    logout={[Function]}
    saveAllRecords={[Function]}
    saveBlockData={[Function]}
    saveMyRecords={[Function]}
    saveUserPhoto={[Function]}
    saveUserProfile={[Function]}
    saveUsers={[Function]}
    setFilterOption={[Function]}
    showToast={[Function]}
    welcome={[Function]}
  />,
  Symbol(enzyme.__renderer__): Object {
    "batchedUpdates": [Function],
    "getNode": [Function],
    "render": [Function],
    "simulateEvent": [Function],
    "unmount": [Function],
  },
  Symbol(enzyme.__node__): Object {
    "instance": null,
    "key": undefined,
    "nodeType": "function",
    "props": Object {
      "children": Array [
        <UNDEFINED
          contentContainerStyle={
            Object {
              "backgroundColor": "#F5FAFE",
              "flex": 1,
            }
          }
        >
          <View
            style={
              Object {
                "backgroundColor": "#F5FAFE",
                "flex": 1,
              }
            }
          >
            <View
              style={
                Object {
                  "alignItems": "center",
                  "backgroundColor": "#F5FAFE",
                  "flex": 1,
                  "justifyContent": "center",
                }
              }
              testID="login"
            >
              <CustomInput
                autoCapitalize="none"
                border={true}
                keyboardType="email-address"
                multiline={false}
                onChange={[Function]}
                placeholder="Email"
                secureTextEntry={false}
                testID="login-email"
                text=""
                width={500}
              />
              <CustomInput
                autoCapitalize="none"
                border={true}
                keyboardType="default"
                multiline={false}
                onChange={[Function]}
                placeholder="Password"
                secureTextEntry={true}
                testID="login-password"
                text=""
                width={500}
              />
              <CustomButton
                backgroundColor="#6DBF53"
                onPress={[Function]}
                testID="login-button"
                text="Log In"
              />
              <Text
                accessible={true}
                allowFontScaling={true}
                ellipsizeMode="tail"
                style={
                  Object {
                    "color": "#5C6063",
                    "fontSize": 12,
                    "textAlign": "center",
                  }
                }
              >
                Not a member yet?
              </Text>
              <TouchableOpacity
                activeOpacity={0.2}
                onPress={[Function]}
                testID="switch-to-signup"
              >
                <Text
                  accessible={true}
                  allowFontScaling={true}
                  ellipsizeMode="tail"
                  style={
                    Array [
                      Object {
                        "color": "#5C6063",
                        "fontSize": 12,
                        "textAlign": "center",
                      },
                      Object {
                        "textDecorationLine": "underline",
                      },
                    ]
                  }
                >
                  Sign Up
                </Text>
              </TouchableOpacity>
            </View>
            <View
              style={
                Object {
                  "backgroundColor": "#F5FAFE",
                  "flexDirection": "row",
                  "height": 200,
                  "justifyContent": "center",
                }
              }
            >
              <TouchableOpacity
                activeOpacity={0.2}
                onPress={[Function]}
                testID="facebook-button"
              >
                <Image
                  source={
                    Object {
                      "testUri": "../../../src/resources/images/facebook.png",
                    }
                  }
                  style={
                    Object {
                      "height": 140,
                      "marginHorizontal": 40,
                      "resizeMode": "stretch",
                      "width": 140,
                    }
                  }
                />
              </TouchableOpacity>
              <TouchableOpacity
                activeOpacity={0.2}
                onPress={[Function]}
                testID="google-button"
              >
                <Image
                  source={
                    Object {
                      "testUri": "../../../src/resources/images/google.png",
                    }
                  }
                  style={
                    Object {
                      "height": 140,
                      "marginHorizontal": 40,
                      "resizeMode": "stretch",
                      "width": 140,
                    }
                  }
                />
              </TouchableOpacity>
            </View>
          </View>
        </UNDEFINED>,
        <CustomLoadingView
          visible={false}
        />,
      ],
    },
    "ref": null,
    "rendered": Array [
      Object {
        "instance": null,
        "key": undefined,
        "nodeType": "function",
        "props": Object {
          "children": <View
            style={
              Object {
                "backgroundColor": "#F5FAFE",
                "flex": 1,
              }
            }
          >
            <View
              style={
                Object {
                  "alignItems": "center",
                  "backgroundColor": "#F5FAFE",
                  "flex": 1,
                  "justifyContent": "center",
                }
              }
              testID="login"
            >
              <CustomInput
                autoCapitalize="none"
                border={true}
                keyboardType="email-address"
                multiline={false}
                onChange={[Function]}
                placeholder="Email"
                secureTextEntry={false}
                testID="login-email"
                text=""
                width={500}
              />
              <CustomInput
                autoCapitalize="none"
                border={true}
                keyboardType="default"
                multiline={false}
                onChange={[Function]}
                placeholder="Password"
                secureTextEntry={true}
                testID="login-password"
                text=""
                width={500}
              />
              <CustomButton
                backgroundColor="#6DBF53"
                onPress={[Function]}
                testID="login-button"
                text="Log In"
              />
              <Text
                accessible={true}
                allowFontScaling={true}
                ellipsizeMode="tail"
                style={
                  Object {
                    "color": "#5C6063",
                    "fontSize": 12,
                    "textAlign": "center",
                  }
                }
              >
                Not a member yet?
              </Text>
              <TouchableOpacity
                activeOpacity={0.2}
                onPress={[Function]}
                testID="switch-to-signup"
              >
                <Text
                  accessible={true}
                  allowFontScaling={true}
                  ellipsizeMode="tail"
                  style={
                    Array [
                      Object {
                        "color": "#5C6063",
                        "fontSize": 12,
                        "textAlign": "center",
                      },
                      Object {
                        "textDecorationLine": "underline",
                      },
                    ]
                  }
                >
                  Sign Up
                </Text>
              </TouchableOpacity>
            </View>
            <View
              style={
                Object {
                  "backgroundColor": "#F5FAFE",
                  "flexDirection": "row",
                  "height": 200,
                  "justifyContent": "center",
                }
              }
            >
              <TouchableOpacity
                activeOpacity={0.2}
                onPress={[Function]}
                testID="facebook-button"
              >
                <Image
                  source={
                    Object {
                      "testUri": "../../../src/resources/images/facebook.png",
                    }
                  }
                  style={
                    Object {
                      "height": 140,
                      "marginHorizontal": 40,
                      "resizeMode": "stretch",
                      "width": 140,
                    }
                  }
                />
              </TouchableOpacity>
              <TouchableOpacity
                activeOpacity={0.2}
                onPress={[Function]}
                testID="google-button"
              >
                <Image
                  source={
                    Object {
                      "testUri": "../../../src/resources/images/google.png",
                    }
                  }
                  style={
                    Object {
                      "height": 140,
                      "marginHorizontal": 40,
                      "resizeMode": "stretch",
                      "width": 140,
                    }
                  }
                />
              </TouchableOpacity>
            </View>
          </View>,
          "contentContainerStyle": Object {
            "backgroundColor": "#F5FAFE",
            "flex": 1,
          },
        },
        "ref": null,
        "rendered": Object {
          "instance": null,
          "key": undefined,
          "nodeType": "class",
          "props": Object {
            "children": Array [
              <View
                style={
                  Object {
                    "alignItems": "center",
                    "backgroundColor": "#F5FAFE",
                    "flex": 1,
                    "justifyContent": "center",
                  }
                }
                testID="login"
              >
                <CustomInput
                  autoCapitalize="none"
                  border={true}
                  keyboardType="email-address"
                  multiline={false}
                  onChange={[Function]}
                  placeholder="Email"
                  secureTextEntry={false}
                  testID="login-email"
                  text=""
                  width={500}
                />
                <CustomInput
                  autoCapitalize="none"
                  border={true}
                  keyboardType="default"
                  multiline={false}
                  onChange={[Function]}
                  placeholder="Password"
                  secureTextEntry={true}
                  testID="login-password"
                  text=""
                  width={500}
                />
                <CustomButton
                  backgroundColor="#6DBF53"
                  onPress={[Function]}
                  testID="login-button"
                  text="Log In"
                />
                <Text
                  accessible={true}
                  allowFontScaling={true}
                  ellipsizeMode="tail"
                  style={
                    Object {
                      "color": "#5C6063",
                      "fontSize": 12,
                      "textAlign": "center",
                    }
                  }
                >
                  Not a member yet?
                </Text>
                <TouchableOpacity
                  activeOpacity={0.2}
                  onPress={[Function]}
                  testID="switch-to-signup"
                >
                  <Text
                    accessible={true}
                    allowFontScaling={true}
                    ellipsizeMode="tail"
                    style={
                      Array [
                        Object {
                          "color": "#5C6063",
                          "fontSize": 12,
                          "textAlign": "center",
                        },
                        Object {
                          "textDecorationLine": "underline",
                        },
                      ]
                    }
                  >
                    Sign Up
                  </Text>
                </TouchableOpacity>
              </View>,
              <View
                style={
                  Object {
                    "backgroundColor": "#F5FAFE",
                    "flexDirection": "row",
                    "height": 200,
                    "justifyContent": "center",
                  }
                }
              >
                <TouchableOpacity
                  activeOpacity={0.2}
                  onPress={[Function]}
                  testID="facebook-button"
                >
                  <Image
                    source={
                      Object {
                        "testUri": "../../../src/resources/images/facebook.png",
                      }
                    }
                    style={
                      Object {
                        "height": 140,
                        "marginHorizontal": 40,
                        "resizeMode": "stretch",
                        "width": 140,
                      }
                    }
                  />
                </TouchableOpacity>
                <TouchableOpacity
                  activeOpacity={0.2}
                  onPress={[Function]}
                  testID="google-button"
                >
                  <Image
                    source={
                      Object {
                        "testUri": "../../../src/resources/images/google.png",
                      }
                    }
                    style={
                      Object {
                        "height": 140,
                        "marginHorizontal": 40,
                        "resizeMode": "stretch",
                        "width": 140,
                      }
                    }
                  />
                </TouchableOpacity>
              </View>,
            ],
            "style": Object {
              "backgroundColor": "#F5FAFE",
              "flex": 1,
            },
          },
          "ref": null,
          "rendered": Array [
            Object {
              "instance": null,
              "key": undefined,
              "nodeType": "class",
              "props": Object {
                "children": Array [
                  <CustomInput
                    autoCapitalize="none"
                    border={true}
                    keyboardType="email-address"
                    multiline={false}
                    onChange={[Function]}
                    placeholder="Email"
                    secureTextEntry={false}
                    testID="login-email"
                    text=""
                    width={500}
                  />,
                  <CustomInput
                    autoCapitalize="none"
                    border={true}
                    keyboardType="default"
                    multiline={false}
                    onChange={[Function]}
                    placeholder="Password"
                    secureTextEntry={true}
                    testID="login-password"
                    text=""
                    width={500}
                  />,
                  <CustomButton
                    backgroundColor="#6DBF53"
                    onPress={[Function]}
                    testID="login-button"
                    text="Log In"
                  />,
                  <Text
                    accessible={true}
                    allowFontScaling={true}
                    ellipsizeMode="tail"
                    style={
                      Object {
                        "color": "#5C6063",
                        "fontSize": 12,
                        "textAlign": "center",
                      }
                    }
                  >
                    Not a member yet?
                  </Text>,
                  <TouchableOpacity
                    activeOpacity={0.2}
                    onPress={[Function]}
                    testID="switch-to-signup"
                  >
                    <Text
                      accessible={true}
                      allowFontScaling={true}
                      ellipsizeMode="tail"
                      style={
                        Array [
                          Object {
                            "color": "#5C6063",
                            "fontSize": 12,
                            "textAlign": "center",
                          },
                          Object {
                            "textDecorationLine": "underline",
                          },
                        ]
                      }
                    >
                      Sign Up
                    </Text>
                  </TouchableOpacity>,
                ],
                "style": Object {
                  "alignItems": "center",
                  "backgroundColor": "#F5FAFE",
                  "flex": 1,
                  "justifyContent": "center",
                },
                "testID": "login",
              },
              "ref": null,
              "rendered": Array [
                Object {
                  "instance": null,
                  "key": undefined,
                  "nodeType": "class",
                  "props": Object {
                    "autoCapitalize": "none",
                    "border": true,
                    "keyboardType": "email-address",
                    "multiline": false,
                    "onChange": [Function],
                    "placeholder": "Email",
                    "secureTextEntry": false,
                    "testID": "login-email",
                    "text": "",
                    "width": 500,
                  },
                  "ref": null,
                  "rendered": null,
                  "type": [Function],
                },
                Object {
                  "instance": null,
                  "key": undefined,
                  "nodeType": "class",
                  "props": Object {
                    "autoCapitalize": "none",
                    "border": true,
                    "keyboardType": "default",
                    "multiline": false,
                    "onChange": [Function],
                    "placeholder": "Password",
                    "secureTextEntry": true,
                    "testID": "login-password",
                    "text": "",
                    "width": 500,
                  },
                  "ref": null,
                  "rendered": null,
                  "type": [Function],
                },
                Object {
                  "instance": null,
                  "key": undefined,
                  "nodeType": "class",
                  "props": Object {
                    "backgroundColor": "#6DBF53",
                    "onPress": [Function],
                    "testID": "login-button",
                    "text": "Log In",
                  },
                  "ref": null,
                  "rendered": null,
                  "type": [Function],
                },
                Object {
                  "instance": null,
                  "key": undefined,
                  "nodeType": "class",
                  "props": Object {
                    "accessible": true,
                    "allowFontScaling": true,
                    "children": "Not a member yet?",
                    "ellipsizeMode": "tail",
                    "style": Object {
                      "color": "#5C6063",
                      "fontSize": 12,
                      "textAlign": "center",
                    },
                  },
                  "ref": null,
                  "rendered": "Not a member yet?",
                  "type": [Function],
                },
                Object {
                  "instance": null,
                  "key": undefined,
                  "nodeType": "class",
                  "props": Object {
                    "activeOpacity": 0.2,
                    "children": <Text
                      accessible={true}
                      allowFontScaling={true}
                      ellipsizeMode="tail"
                      style={
                        Array [
                          Object {
                            "color": "#5C6063",
                            "fontSize": 12,
                            "textAlign": "center",
                          },
                          Object {
                            "textDecorationLine": "underline",
                          },
                        ]
                      }
                    >
                      Sign Up
                    </Text>,
                    "onPress": [Function],
                    "testID": "switch-to-signup",
                  },
                  "ref": null,
                  "rendered": Object {
                    "instance": null,
                    "key": undefined,
                    "nodeType": "class",
                    "props": Object {
                      "accessible": true,
                      "allowFontScaling": true,
                      "children": "Sign Up",
                      "ellipsizeMode": "tail",
                      "style": Array [
                        Object {
                          "color": "#5C6063",
                          "fontSize": 12,
                          "textAlign": "center",
                        },
                        Object {
                          "textDecorationLine": "underline",
                        },
                      ],
                    },
                    "ref": null,
                    "rendered": "Sign Up",
                    "type": [Function],
                  },
                  "type": [Function],
                },
              ],
              "type": [Function],
            },
            Object {
              "instance": null,
              "key": undefined,
              "nodeType": "class",
              "props": Object {
                "children": Array [
                  <TouchableOpacity
                    activeOpacity={0.2}
                    onPress={[Function]}
                    testID="facebook-button"
                  >
                    <Image
                      source={
                        Object {
                          "testUri": "../../../src/resources/images/facebook.png",
                        }
                      }
                      style={
                        Object {
                          "height": 140,
                          "marginHorizontal": 40,
                          "resizeMode": "stretch",
                          "width": 140,
                        }
                      }
                    />
                  </TouchableOpacity>,
                  <TouchableOpacity
                    activeOpacity={0.2}
                    onPress={[Function]}
                    testID="google-button"
                  >
                    <Image
                      source={
                        Object {
                          "testUri": "../../../src/resources/images/google.png",
                        }
                      }
                      style={
                        Object {
                          "height": 140,
                          "marginHorizontal": 40,
                          "resizeMode": "stretch",
                          "width": 140,
                        }
                      }
                    />
                  </TouchableOpacity>,
                ],
                "style": Object {
                  "backgroundColor": "#F5FAFE",
                  "flexDirection": "row",
                  "height": 200,
                  "justifyContent": "center",
                },
              },
              "ref": null,
              "rendered": Array [
                Object {
                  "instance": null,
                  "key": undefined,
                  "nodeType": "class",
                  "props": Object {
                    "activeOpacity": 0.2,
                    "children": <Image
                      source={
                        Object {
                          "testUri": "../../../src/resources/images/facebook.png",
                        }
                      }
                      style={
                        Object {
                          "height": 140,
                          "marginHorizontal": 40,
                          "resizeMode": "stretch",
                          "width": 140,
                        }
                      }
                    />,
                    "onPress": [Function],
                    "testID": "facebook-button",
                  },
                  "ref": null,
                  "rendered": Object {
                    "instance": null,
                    "key": undefined,
                    "nodeType": "class",
                    "props": Object {
                      "source": Object {
                        "testUri": "../../../src/resources/images/facebook.png",
                      },
                      "style": Object {
                        "height": 140,
                        "marginHorizontal": 40,
                        "resizeMode": "stretch",
                        "width": 140,
                      },
                    },
                    "ref": null,
                    "rendered": null,
                    "type": [Function],
                  },
                  "type": [Function],
                },
                Object {
                  "instance": null,
                  "key": undefined,
                  "nodeType": "class",
                  "props": Object {
                    "activeOpacity": 0.2,
                    "children": <Image
                      source={
                        Object {
                          "testUri": "../../../src/resources/images/google.png",
                        }
                      }
                      style={
                        Object {
                          "height": 140,
                          "marginHorizontal": 40,
                          "resizeMode": "stretch",
                          "width": 140,
                        }
                      }
                    />,
                    "onPress": [Function],
                    "testID": "google-button",
                  },
                  "ref": null,
                  "rendered": Object {
                    "instance": null,
                    "key": undefined,
                    "nodeType": "class",
                    "props": Object {
                      "source": Object {
                        "testUri": "../../../src/resources/images/google.png",
                      },
                      "style": Object {
                        "height": 140,
                        "marginHorizontal": 40,
                        "resizeMode": "stretch",
                        "width": 140,
                      },
                    },
                    "ref": null,
                    "rendered": null,
                    "type": [Function],
                  },
                  "type": [Function],
                },
              ],
              "type": [Function],
            },
          ],
          "type": [Function],
        },
        "type": undefined,
      },
      Object {
        "instance": null,
        "key": undefined,
        "nodeType": "class",
        "props": Object {
          "visible": false,
        },
        "ref": null,
        "rendered": null,
        "type": [Function],
      },
    ],
    "type": undefined,
  },
  Symbol(enzyme.__nodes__): Array [
    Object {
      "instance": null,
      "key": undefined,
      "nodeType": "function",
      "props": Object {
        "children": Array [
          <UNDEFINED
            contentContainerStyle={
              Object {
                "backgroundColor": "#F5FAFE",
                "flex": 1,
              }
            }
          >
            <View
              style={
                Object {
                  "backgroundColor": "#F5FAFE",
                  "flex": 1,
                }
              }
            >
              <View
                style={
                  Object {
                    "alignItems": "center",
                    "backgroundColor": "#F5FAFE",
                    "flex": 1,
                    "justifyContent": "center",
                  }
                }
                testID="login"
              >
                <CustomInput
                  autoCapitalize="none"
                  border={true}
                  keyboardType="email-address"
                  multiline={false}
                  onChange={[Function]}
                  placeholder="Email"
                  secureTextEntry={false}
                  testID="login-email"
                  text=""
                  width={500}
                />
                <CustomInput
                  autoCapitalize="none"
                  border={true}
                  keyboardType="default"
                  multiline={false}
                  onChange={[Function]}
                  placeholder="Password"
                  secureTextEntry={true}
                  testID="login-password"
                  text=""
                  width={500}
                />
                <CustomButton
                  backgroundColor="#6DBF53"
                  onPress={[Function]}
                  testID="login-button"
                  text="Log In"
                />
                <Text
                  accessible={true}
                  allowFontScaling={true}
                  ellipsizeMode="tail"
                  style={
                    Object {
                      "color": "#5C6063",
                      "fontSize": 12,
                      "textAlign": "center",
                    }
                  }
                >
                  Not a member yet?
                </Text>
                <TouchableOpacity
                  activeOpacity={0.2}
                  onPress={[Function]}
                  testID="switch-to-signup"
                >
                  <Text
                    accessible={true}
                    allowFontScaling={true}
                    ellipsizeMode="tail"
                    style={
                      Array [
                        Object {
                          "color": "#5C6063",
                          "fontSize": 12,
                          "textAlign": "center",
                        },
                        Object {
                          "textDecorationLine": "underline",
                        },
                      ]
                    }
                  >
                    Sign Up
                  </Text>
                </TouchableOpacity>
              </View>
              <View
                style={
                  Object {
                    "backgroundColor": "#F5FAFE",
                    "flexDirection": "row",
                    "height": 200,
                    "justifyContent": "center",
                  }
                }
              >
                <TouchableOpacity
                  activeOpacity={0.2}
                  onPress={[Function]}
                  testID="facebook-button"
                >
                  <Image
                    source={
                      Object {
                        "testUri": "../../../src/resources/images/facebook.png",
                      }
                    }
                    style={
                      Object {
                        "height": 140,
                        "marginHorizontal": 40,
                        "resizeMode": "stretch",
                        "width": 140,
                      }
                    }
                  />
                </TouchableOpacity>
                <TouchableOpacity
                  activeOpacity={0.2}
                  onPress={[Function]}
                  testID="google-button"
                >
                  <Image
                    source={
                      Object {
                        "testUri": "../../../src/resources/images/google.png",
                      }
                    }
                    style={
                      Object {
                        "height": 140,
                        "marginHorizontal": 40,
                        "resizeMode": "stretch",
                        "width": 140,
                      }
                    }
                  />
                </TouchableOpacity>
              </View>
            </View>
          </UNDEFINED>,
          <CustomLoadingView
            visible={false}
          />,
        ],
      },
      "ref": null,
      "rendered": Array [
        Object {
          "instance": null,
          "key": undefined,
          "nodeType": "function",
          "props": Object {
            "children": <View
              style={
                Object {
                  "backgroundColor": "#F5FAFE",
                  "flex": 1,
                }
              }
            >
              <View
                style={
                  Object {
                    "alignItems": "center",
                    "backgroundColor": "#F5FAFE",
                    "flex": 1,
                    "justifyContent": "center",
                  }
                }
                testID="login"
              >
                <CustomInput
                  autoCapitalize="none"
                  border={true}
                  keyboardType="email-address"
                  multiline={false}
                  onChange={[Function]}
                  placeholder="Email"
                  secureTextEntry={false}
                  testID="login-email"
                  text=""
                  width={500}
                />
                <CustomInput
                  autoCapitalize="none"
                  border={true}
                  keyboardType="default"
                  multiline={false}
                  onChange={[Function]}
                  placeholder="Password"
                  secureTextEntry={true}
                  testID="login-password"
                  text=""
                  width={500}
                />
                <CustomButton
                  backgroundColor="#6DBF53"
                  onPress={[Function]}
                  testID="login-button"
                  text="Log In"
                />
                <Text
                  accessible={true}
                  allowFontScaling={true}
                  ellipsizeMode="tail"
                  style={
                    Object {
                      "color": "#5C6063",
                      "fontSize": 12,
                      "textAlign": "center",
                    }
                  }
                >
                  Not a member yet?
                </Text>
                <TouchableOpacity
                  activeOpacity={0.2}
                  onPress={[Function]}
                  testID="switch-to-signup"
                >
                  <Text
                    accessible={true}
                    allowFontScaling={true}
                    ellipsizeMode="tail"
                    style={
                      Array [
                        Object {
                          "color": "#5C6063",
                          "fontSize": 12,
                          "textAlign": "center",
                        },
                        Object {
                          "textDecorationLine": "underline",
                        },
                      ]
                    }
                  >
                    Sign Up
                  </Text>
                </TouchableOpacity>
              </View>
              <View
                style={
                  Object {
                    "backgroundColor": "#F5FAFE",
                    "flexDirection": "row",
                    "height": 200,
                    "justifyContent": "center",
                  }
                }
              >
                <TouchableOpacity
                  activeOpacity={0.2}
                  onPress={[Function]}
                  testID="facebook-button"
                >
                  <Image
                    source={
                      Object {
                        "testUri": "../../../src/resources/images/facebook.png",
                      }
                    }
                    style={
                      Object {
                        "height": 140,
                        "marginHorizontal": 40,
                        "resizeMode": "stretch",
                        "width": 140,
                      }
                    }
                  />
                </TouchableOpacity>
                <TouchableOpacity
                  activeOpacity={0.2}
                  onPress={[Function]}
                  testID="google-button"
                >
                  <Image
                    source={
                      Object {
                        "testUri": "../../../src/resources/images/google.png",
                      }
                    }
                    style={
                      Object {
                        "height": 140,
                        "marginHorizontal": 40,
                        "resizeMode": "stretch",
                        "width": 140,
                      }
                    }
                  />
                </TouchableOpacity>
              </View>
            </View>,
            "contentContainerStyle": Object {
              "backgroundColor": "#F5FAFE",
              "flex": 1,
            },
          },
          "ref": null,
          "rendered": Object {
            "instance": null,
            "key": undefined,
            "nodeType": "class",
            "props": Object {
              "children": Array [
                <View
                  style={
                    Object {
                      "alignItems": "center",
                      "backgroundColor": "#F5FAFE",
                      "flex": 1,
                      "justifyContent": "center",
                    }
                  }
                  testID="login"
                >
                  <CustomInput
                    autoCapitalize="none"
                    border={true}
                    keyboardType="email-address"
                    multiline={false}
                    onChange={[Function]}
                    placeholder="Email"
                    secureTextEntry={false}
                    testID="login-email"
                    text=""
                    width={500}
                  />
                  <CustomInput
                    autoCapitalize="none"
                    border={true}
                    keyboardType="default"
                    multiline={false}
                    onChange={[Function]}
                    placeholder="Password"
                    secureTextEntry={true}
                    testID="login-password"
                    text=""
                    width={500}
                  />
                  <CustomButton
                    backgroundColor="#6DBF53"
                    onPress={[Function]}
                    testID="login-button"
                    text="Log In"
                  />
                  <Text
                    accessible={true}
                    allowFontScaling={true}
                    ellipsizeMode="tail"
                    style={
                      Object {
                        "color": "#5C6063",
                        "fontSize": 12,
                        "textAlign": "center",
                      }
                    }
                  >
                    Not a member yet?
                  </Text>
                  <TouchableOpacity
                    activeOpacity={0.2}
                    onPress={[Function]}
                    testID="switch-to-signup"
                  >
                    <Text
                      accessible={true}
                      allowFontScaling={true}
                      ellipsizeMode="tail"
                      style={
                        Array [
                          Object {
                            "color": "#5C6063",
                            "fontSize": 12,
                            "textAlign": "center",
                          },
                          Object {
                            "textDecorationLine": "underline",
                          },
                        ]
                      }
                    >
                      Sign Up
                    </Text>
                  </TouchableOpacity>
                </View>,
                <View
                  style={
                    Object {
                      "backgroundColor": "#F5FAFE",
                      "flexDirection": "row",
                      "height": 200,
                      "justifyContent": "center",
                    }
                  }
                >
                  <TouchableOpacity
                    activeOpacity={0.2}
                    onPress={[Function]}
                    testID="facebook-button"
                  >
                    <Image
                      source={
                        Object {
                          "testUri": "../../../src/resources/images/facebook.png",
                        }
                      }
                      style={
                        Object {
                          "height": 140,
                          "marginHorizontal": 40,
                          "resizeMode": "stretch",
                          "width": 140,
                        }
                      }
                    />
                  </TouchableOpacity>
                  <TouchableOpacity
                    activeOpacity={0.2}
                    onPress={[Function]}
                    testID="google-button"
                  >
                    <Image
                      source={
                        Object {
                          "testUri": "../../../src/resources/images/google.png",
                        }
                      }
                      style={
                        Object {
                          "height": 140,
                          "marginHorizontal": 40,
                          "resizeMode": "stretch",
                          "width": 140,
                        }
                      }
                    />
                  </TouchableOpacity>
                </View>,
              ],
              "style": Object {
                "backgroundColor": "#F5FAFE",
                "flex": 1,
              },
            },
            "ref": null,
            "rendered": Array [
              Object {
                "instance": null,
                "key": undefined,
                "nodeType": "class",
                "props": Object {
                  "children": Array [
                    <CustomInput
                      autoCapitalize="none"
                      border={true}
                      keyboardType="email-address"
                      multiline={false}
                      onChange={[Function]}
                      placeholder="Email"
                      secureTextEntry={false}
                      testID="login-email"
                      text=""
                      width={500}
                    />,
                    <CustomInput
                      autoCapitalize="none"
                      border={true}
                      keyboardType="default"
                      multiline={false}
                      onChange={[Function]}
                      placeholder="Password"
                      secureTextEntry={true}
                      testID="login-password"
                      text=""
                      width={500}
                    />,
                    <CustomButton
                      backgroundColor="#6DBF53"
                      onPress={[Function]}
                      testID="login-button"
                      text="Log In"
                    />,
                    <Text
                      accessible={true}
                      allowFontScaling={true}
                      ellipsizeMode="tail"
                      style={
                        Object {
                          "color": "#5C6063",
                          "fontSize": 12,
                          "textAlign": "center",
                        }
                      }
                    >
                      Not a member yet?
                    </Text>,
                    <TouchableOpacity
                      activeOpacity={0.2}
                      onPress={[Function]}
                      testID="switch-to-signup"
                    >
                      <Text
                        accessible={true}
                        allowFontScaling={true}
                        ellipsizeMode="tail"
                        style={
                          Array [
                            Object {
                              "color": "#5C6063",
                              "fontSize": 12,
                              "textAlign": "center",
                            },
                            Object {
                              "textDecorationLine": "underline",
                            },
                          ]
                        }
                      >
                        Sign Up
                      </Text>
                    </TouchableOpacity>,
                  ],
                  "style": Object {
                    "alignItems": "center",
                    "backgroundColor": "#F5FAFE",
                    "flex": 1,
                    "justifyContent": "center",
                  },
                  "testID": "login",
                },
                "ref": null,
                "rendered": Array [
                  Object {
                    "instance": null,
                    "key": undefined,
                    "nodeType": "class",
                    "props": Object {
                      "autoCapitalize": "none",
                      "border": true,
                      "keyboardType": "email-address",
                      "multiline": false,
                      "onChange": [Function],
                      "placeholder": "Email",
                      "secureTextEntry": false,
                      "testID": "login-email",
                      "text": "",
                      "width": 500,
                    },
                    "ref": null,
                    "rendered": null,
                    "type": [Function],
                  },
                  Object {
                    "instance": null,
                    "key": undefined,
                    "nodeType": "class",
                    "props": Object {
                      "autoCapitalize": "none",
                      "border": true,
                      "keyboardType": "default",
                      "multiline": false,
                      "onChange": [Function],
                      "placeholder": "Password",
                      "secureTextEntry": true,
                      "testID": "login-password",
                      "text": "",
                      "width": 500,
                    },
                    "ref": null,
                    "rendered": null,
                    "type": [Function],
                  },
                  Object {
                    "instance": null,
                    "key": undefined,
                    "nodeType": "class",
                    "props": Object {
                      "backgroundColor": "#6DBF53",
                      "onPress": [Function],
                      "testID": "login-button",
                      "text": "Log In",
                    },
                    "ref": null,
                    "rendered": null,
                    "type": [Function],
                  },
                  Object {
                    "instance": null,
                    "key": undefined,
                    "nodeType": "class",
                    "props": Object {
                      "accessible": true,
                      "allowFontScaling": true,
                      "children": "Not a member yet?",
                      "ellipsizeMode": "tail",
                      "style": Object {
                        "color": "#5C6063",
                        "fontSize": 12,
                        "textAlign": "center",
                      },
                    },
                    "ref": null,
                    "rendered": "Not a member yet?",
                    "type": [Function],
                  },
                  Object {
                    "instance": null,
                    "key": undefined,
                    "nodeType": "class",
                    "props": Object {
                      "activeOpacity": 0.2,
                      "children": <Text
                        accessible={true}
                        allowFontScaling={true}
                        ellipsizeMode="tail"
                        style={
                          Array [
                            Object {
                              "color": "#5C6063",
                              "fontSize": 12,
                              "textAlign": "center",
                            },
                            Object {
                              "textDecorationLine": "underline",
                            },
                          ]
                        }
                      >
                        Sign Up
                      </Text>,
                      "onPress": [Function],
                      "testID": "switch-to-signup",
                    },
                    "ref": null,
                    "rendered": Object {
                      "instance": null,
                      "key": undefined,
                      "nodeType": "class",
                      "props": Object {
                        "accessible": true,
                        "allowFontScaling": true,
                        "children": "Sign Up",
                        "ellipsizeMode": "tail",
                        "style": Array [
                          Object {
                            "color": "#5C6063",
                            "fontSize": 12,
                            "textAlign": "center",
                          },
                          Object {
                            "textDecorationLine": "underline",
                          },
                        ],
                      },
                      "ref": null,
                      "rendered": "Sign Up",
                      "type": [Function],
                    },
                    "type": [Function],
                  },
                ],
                "type": [Function],
              },
              Object {
                "instance": null,
                "key": undefined,
                "nodeType": "class",
                "props": Object {
                  "children": Array [
                    <TouchableOpacity
                      activeOpacity={0.2}
                      onPress={[Function]}
                      testID="facebook-button"
                    >
                      <Image
                        source={
                          Object {
                            "testUri": "../../../src/resources/images/facebook.png",
                          }
                        }
                        style={
                          Object {
                            "height": 140,
                            "marginHorizontal": 40,
                            "resizeMode": "stretch",
                            "width": 140,
                          }
                        }
                      />
                    </TouchableOpacity>,
                    <TouchableOpacity
                      activeOpacity={0.2}
                      onPress={[Function]}
                      testID="google-button"
                    >
                      <Image
                        source={
                          Object {
                            "testUri": "../../../src/resources/images/google.png",
                          }
                        }
                        style={
                          Object {
                            "height": 140,
                            "marginHorizontal": 40,
                            "resizeMode": "stretch",
                            "width": 140,
                          }
                        }
                      />
                    </TouchableOpacity>,
                  ],
                  "style": Object {
                    "backgroundColor": "#F5FAFE",
                    "flexDirection": "row",
                    "height": 200,
                    "justifyContent": "center",
                  },
                },
                "ref": null,
                "rendered": Array [
                  Object {
                    "instance": null,
                    "key": undefined,
                    "nodeType": "class",
                    "props": Object {
                      "activeOpacity": 0.2,
                      "children": <Image
                        source={
                          Object {
                            "testUri": "../../../src/resources/images/facebook.png",
                          }
                        }
                        style={
                          Object {
                            "height": 140,
                            "marginHorizontal": 40,
                            "resizeMode": "stretch",
                            "width": 140,
                          }
                        }
                      />,
                      "onPress": [Function],
                      "testID": "facebook-button",
                    },
                    "ref": null,
                    "rendered": Object {
                      "instance": null,
                      "key": undefined,
                      "nodeType": "class",
                      "props": Object {
                        "source": Object {
                          "testUri": "../../../src/resources/images/facebook.png",
                        },
                        "style": Object {
                          "height": 140,
                          "marginHorizontal": 40,
                          "resizeMode": "stretch",
                          "width": 140,
                        },
                      },
                      "ref": null,
                      "rendered": null,
                      "type": [Function],
                    },
                    "type": [Function],
                  },
                  Object {
                    "instance": null,
                    "key": undefined,
                    "nodeType": "class",
                    "props": Object {
                      "activeOpacity": 0.2,
                      "children": <Image
                        source={
                          Object {
                            "testUri": "../../../src/resources/images/google.png",
                          }
                        }
                        style={
                          Object {
                            "height": 140,
                            "marginHorizontal": 40,
                            "resizeMode": "stretch",
                            "width": 140,
                          }
                        }
                      />,
                      "onPress": [Function],
                      "testID": "google-button",
                    },
                    "ref": null,
                    "rendered": Object {
                      "instance": null,
                      "key": undefined,
                      "nodeType": "class",
                      "props": Object {
                        "source": Object {
                          "testUri": "../../../src/resources/images/google.png",
                        },
                        "style": Object {
                          "height": 140,
                          "marginHorizontal": 40,
                          "resizeMode": "stretch",
                          "width": 140,
                        },
                      },
                      "ref": null,
                      "rendered": null,
                      "type": [Function],
                    },
                    "type": [Function],
                  },
                ],
                "type": [Function],
              },
            ],
            "type": [Function],
          },
          "type": undefined,
        },
        Object {
          "instance": null,
          "key": undefined,
          "nodeType": "class",
          "props": Object {
            "visible": false,
          },
          "ref": null,
          "rendered": null,
          "type": [Function],
        },
      ],
      "type": undefined,
    },
  ],
  Symbol(enzyme.__options__): Object {
    "adapter": ReactSixteenAdapter {
      "options": Object {
        "enableComponentDidUpdateOnSetState": true,
      },
    },
    "context": Object {
      "store": Object {
        "clearActions": [Function],
        "dispatch": [Function],
        "getActions": [Function],
        "getState": [Function],
        "replaceReducer": [Function],
        "subscribe": [Function],
      },
    },
  },
}
`;
